c:\ddisk\jameszheng\visualstudio\连元小学学生成绩管理系统mfc\连元小学学生成绩管理系统mfc\x64\debug\连元小学学生成绩管理系统mfc.pch
c:\ddisk\jameszheng\visualstudio\连元小学学生成绩管理系统mfc\连元小学学生成绩管理系统mfc\x64\debug\vc143.pdb
c:\ddisk\jameszheng\visualstudio\连元小学学生成绩管理系统mfc\连元小学学生成绩管理系统mfc\x64\debug\vc143.idb
c:\ddisk\jameszheng\visualstudio\连元小学学生成绩管理系统mfc\连元小学学生成绩管理系统mfc\x64\debug\pch.obj
c:\ddisk\jameszheng\visualstudio\连元小学学生成绩管理系统mfc\连元小学学生成绩管理系统mfc\x64\debug\连元小学学生成绩管理系统mfcdlg.obj
c:\ddisk\jameszheng\visualstudio\连元小学学生成绩管理系统mfc\连元小学学生成绩管理系统mfc\x64\debug\连元小学学生成绩管理系统mfc.obj
c:\ddisk\jameszheng\visualstudio\连元小学学生成绩管理系统mfc\连元小学学生成绩管理系统mfc\x64\debug\student.obj
c:\ddisk\jameszheng\visualstudio\连元小学学生成绩管理系统mfc\连元小学学生成绩管理系统mfc\x64\debug\sqlite_api.obj
c:\ddisk\jameszheng\visualstudio\连元小学学生成绩管理系统mfc\连元小学学生成绩管理系统mfc\x64\debug\school.obj
c:\ddisk\jameszheng\visualstudio\连元小学学生成绩管理系统mfc\连元小学学生成绩管理系统mfc\x64\debug\grade.obj
c:\ddisk\jameszheng\visualstudio\连元小学学生成绩管理系统mfc\连元小学学生成绩管理系统mfc\x64\debug\class.obj
c:\ddisk\jameszheng\visualstudio\连元小学学生成绩管理系统mfc\x64\debug\连元小学学生成绩管理系统mfc.exe
c:\ddisk\jameszheng\visualstudio\连元小学学生成绩管理系统mfc\x64\debug\连元小学学生成绩管理系统mfc.pdb
c:\ddisk\jameszheng\visualstudio\连元小学学生成绩管理系统mfc\连元小学学生成绩管理系统mfc\x64\debug\mfc.res
c:\ddisk\jameszheng\visualstudio\连元小学学生成绩管理系统mfc\连元小学学生成绩管理系统mfc\x64\debug\连元小学学生成绩管理系统mfc.ilk
c:\ddisk\jameszheng\visualstudio\连元小学学生成绩管理系统mfc\连元小学学生成绩管理系统mfc\x64\debug\连元小学学生成绩管理系统mfcdlg.obj.enc
c:\ddisk\jameszheng\visualstudio\连元小学学生成绩管理系统mfc\连元小学学生成绩管理系统mfc\x64\debug\连元小学学生成绩管理系统mfc.tlog\cl.command.1.tlog
c:\ddisk\jameszheng\visualstudio\连元小学学生成绩管理系统mfc\连元小学学生成绩管理系统mfc\x64\debug\连元小学学生成绩管理系统mfc.tlog\cl.items.tlog
c:\ddisk\jameszheng\visualstudio\连元小学学生成绩管理系统mfc\连元小学学生成绩管理系统mfc\x64\debug\连元小学学生成绩管理系统mfc.tlog\cl.read.1.tlog
c:\ddisk\jameszheng\visualstudio\连元小学学生成绩管理系统mfc\连元小学学生成绩管理系统mfc\x64\debug\连元小学学生成绩管理系统mfc.tlog\cl.write.1.tlog
c:\ddisk\jameszheng\visualstudio\连元小学学生成绩管理系统mfc\连元小学学生成绩管理系统mfc\x64\debug\连元小学学生成绩管理系统mfc.tlog\link.command.1.tlog
c:\ddisk\jameszheng\visualstudio\连元小学学生成绩管理系统mfc\连元小学学生成绩管理系统mfc\x64\debug\连元小学学生成绩管理系统mfc.tlog\link.read.1.tlog
c:\ddisk\jameszheng\visualstudio\连元小学学生成绩管理系统mfc\连元小学学生成绩管理系统mfc\x64\debug\连元小学学生成绩管理系统mfc.tlog\link.secondary.1.tlog
c:\ddisk\jameszheng\visualstudio\连元小学学生成绩管理系统mfc\连元小学学生成绩管理系统mfc\x64\debug\连元小学学生成绩管理系统mfc.tlog\link.write.1.tlog
c:\ddisk\jameszheng\visualstudio\连元小学学生成绩管理系统mfc\连元小学学生成绩管理系统mfc\x64\debug\连元小学学生成绩管理系统mfc.tlog\rc.command.1.tlog
c:\ddisk\jameszheng\visualstudio\连元小学学生成绩管理系统mfc\连元小学学生成绩管理系统mfc\x64\debug\连元小学学生成绩管理系统mfc.tlog\rc.read.1.tlog
c:\ddisk\jameszheng\visualstudio\连元小学学生成绩管理系统mfc\连元小学学生成绩管理系统mfc\x64\debug\连元小学学生成绩管理系统mfc.tlog\rc.write.1.tlog
